// Jest Snapshot v1, https://goo.gl/fbAQLP

exports[`<Form /> should match snapshot 1`] = `
.c0 {
  background-color: #fff;
  margin: 0;
  padding: 10px 16px 20px;
  width: -webkit-max-content;
  width: -moz-max-content;
  width: max-content;
}

@media (min-width:475px) {
  .c0 {
    padding: 10px 27px 20px;
  }
}

@media (min-width:650px) {
  .c0 {
    padding: 41px 56px;
  }
}

<form
  class="c0"
>
  Form component
</form>
`;
