// Jest Snapshot v1, https://goo.gl/fbAQLP

exports[`<Anticipations /> should match snapshot 1`] = `
.c1 {
  color: #3d75bb;
  display: block;
  font-size: 1rem;
  font-style: italic;
  font-weight: 700;
  line-height: 1.5;
  margin-bottom: 22px;
  text-transform: uppercase;
  width: 100%;
}

.c1::after {
  background-color: #5d9bec;
  content: '';
  display: block;
  height: 1px;
  margin-top: 4px;
  mix-blend-mode: normal;
  opacity: 0.3;
  width: 100%;
}

.c0 {
  -webkit-align-items: center;
  -webkit-box-align: center;
  -ms-flex-align: center;
  align-items: center;
  background-color: rgba(209,220,227,0.18);
  display: -webkit-box;
  display: -webkit-flex;
  display: -ms-flexbox;
  display: flex;
  -webkit-flex-flow: column nowrap;
  -ms-flex-flow: column nowrap;
  flex-flow: column nowrap;
  -webkit-box-pack: center;
  -webkit-justify-content: center;
  -ms-flex-pack: center;
  justify-content: center;
  padding: 35px;
}

.c2 {
  list-style: none;
  margin: 0;
  padding: 0;
  width: 100%;
}

.c3 {
  color: #5d9bec;
  font-size: 1rem;
  font-style: italic;
  line-height: 46px;
  width: 100%;
}

<div
  class="c0"
>
  <h2
    class="c1"
    color="blueDark"
    font-size="medium"
    font-style="italic"
  >
    Você receberá:
  </h2>
  <ul
    class="c2"
  >
    <li
      class="c3"
    >
      Em 15 dias
      : 
      <strong>
        R$135.36
      </strong>
    </li>
    <li
      class="c3"
    >
      Em 30 dias
      : 
      <strong>
        R$138.24
      </strong>
    </li>
    <li
      class="c3"
    >
      Em 90 dias
      : 
      <strong>
        R$144.00
      </strong>
    </li>
  </ul>
</div>
`;
